cenario: acao-rejeitada-no-catchup
semente: 4  fuso: -180  dias: 3

 dia   peixes   peso_g racao_kg     caixa_tc   o2_ugl kg_por_m3
   1      500      200      100            0     6910       100
   2      500      200      100            0     6910       100
   3      500      200      100            0     6910       100

eventos
action_rejected           1
